// Jest Snapshot v1, https://goo.gl/fbAQLP

exports[`contains specific text 1`] = `
<div
  className="frame"
>
  <div
    className="calculator-title"
  >
    Reactulator
  </div>
</div>
`;
